[pixelwibes.com/template/cryptoon/html/dist/index.html]
[backblue.gif]
[fade.gif]
[index.html]
[pixelwibes.com/template/cryptoon/html/dist/favicon.ico]
[pixelwibes.com/template/cryptoon/html/dist/assets/plugin/datatables/responsive.dataTables.min.css]
[pixelwibes.com/template/cryptoon/html/dist/assets/plugin/datatables/dataTables.bootstrap5.min.css]
[pixelwibes.com/template/cryptoon/html/dist/assets/css/cryptoon.style.min.css]
[pixelwibes.com/template/cryptoon/html/dist/index-2.html]
[pixelwibes.com/template/cryptoon/html/dist/exchange.html]
[pixelwibes.com/template/cryptoon/html/dist/market.html]
[pixelwibes.com/template/cryptoon/html/dist/ico.html]
[pixelwibes.com/template/cryptoon/html/dist/future-trade.html]
[pixelwibes.com/template/cryptoon/html/dist/p2p.html]
[pixelwibes.com/template/cryptoon/html/dist/battel.html]
[pixelwibes.com/template/cryptoon/html/dist/convert-trade.html]
[pixelwibes.com/template/cryptoon/html/dist/margin-trade.html]
[pixelwibes.com/template/cryptoon/html/dist/cryptoloan.html]
[pixelwibes.com/template/cryptoon/html/dist/cryptoonpay.html]
[pixelwibes.com/template/cryptoon/html/dist/calendar.html]
[pixelwibes.com/template/cryptoon/html/dist/chat.html]
[pixelwibes.com/template/cryptoon/html/dist/form-bootstrap.html]
[pixelwibes.com/template/cryptoon/html/dist/form-custome.html]
[pixelwibes.com/template/cryptoon/html/dist/form-wizard.html]
[pixelwibes.com/template/cryptoon/html/dist/form-inputmask.html]
[pixelwibes.com/template/cryptoon/html/dist/icon-iconfont.html]
[pixelwibes.com/template/cryptoon/html/dist/icon-bootstrap.html]
[pixelwibes.com/template/cryptoon/html/dist/icon-fontawesome.html]
[pixelwibes.com/template/cryptoon/html/dist/widget-example.html]
[pixelwibes.com/template/cryptoon/html/dist/apexchart.html]
[pixelwibes.com/template/cryptoon/html/dist/priceplan.html]
[pixelwibes.com/template/cryptoon/html/dist/profile.html]
[pixelwibes.com/template/cryptoon/html/dist/table.html]
[pixelwibes.com/template/cryptoon/html/dist/todo-list.html]
[pixelwibes.com/template/cryptoon/html/dist/support-ticket.html]
[pixelwibes.com/template/cryptoon/html/dist/wallet.html]
[pixelwibes.com/template/cryptoon/html/dist/assets/images/flag/GB.png]
[pixelwibes.com/template/cryptoon/html/dist/assets/images/flag/DE.png]
[pixelwibes.com/template/cryptoon/html/dist/assets/images/flag/FR.png]
[pixelwibes.com/template/cryptoon/html/dist/assets/images/flag/IT.png]
[pixelwibes.com/template/cryptoon/html/dist/assets/images/flag/RU.png]
[pixelwibes.com/template/cryptoon/html/dist/security.html]
[pixelwibes.com/template/cryptoon/html/dist/identification.html]
[pixelwibes.com/template/cryptoon/html/dist/referral.html]
[pixelwibes.com/template/cryptoon/html/dist/coupons.html]
[pixelwibes.com/template/cryptoon/html/dist/ui-elements/auth-signin.html]
[pixelwibes.com/template/cryptoon/html/dist/assets/images/qr-code.png]
[pixelwibes.com/template/cryptoon/html/dist/help.html]
[pixelwibes.com/template/cryptoon/html/dist/ui-elements/ui-alerts.html]
[pixelwibes.com/template/cryptoon/html/dist/invoices.html]
[pixelwibes.com/template/cryptoon/html/dist/salaryslip.html]
[pixelwibes.com/template/cryptoon/html/dist/expenses.html]
[pixelwibes.com/template/cryptoon/html/dist/ui-elements/stater-page.html]
[pixelwibes.com/template/cryptoon/html/dist/ui-elements/documentation.html]
[pixelwibes.com/template/cryptoon/html/dist/ui-elements/changelog.html]
[pixelwibes.com/template/cryptoon/html/dist/assets/images/coin/ETH.png]
[pixelwibes.com/template/cryptoon/html/dist/assets/images/coin/SOL.png]
[pixelwibes.com/template/cryptoon/html/dist/assets/bundles/libscripts.bundle.js]
[pixelwibes.com/template/cryptoon/html/dist/assets/bundles/dataTables.bundle.js]
[pixelwibes.com/template/cryptoon/html/dist/assets/bundles/apexcharts.bundle.js]
[pixelwibes.com/template/cryptoon/html/js/template.js]
[pixelwibes.com/template/cryptoon/html/js/page/index.js]
[pixelwibes.com/template/cryptoon/html/dist/index.html]
[pixelwibes.com/template/cryptoon/html/dist/assets/plugin/datatables/responsive.dataTables.min.css]
[pixelwibes.com/template/cryptoon/html/dist/assets/plugin/datatables/dataTables.bootstrap5.min.css]
[cdnjs.cloudflare.com/ajax/libs/font-awesome/4.7.0/css/font-awesome.min.css]
[cdn.jsdelivr.net/npm/bootstrap-icons@1.3.0/font/bootstrap-icons.css]
[pixelwibes.com/template/cryptoon/html/dist/assets/fonts/icofont/fonts/icofont.eot]
[pixelwibes.com/template/cryptoon/html/dist/assets/fonts/icofont/fonts/icofontd41d.eot]
[pixelwibes.com/template/cryptoon/html/dist/assets/fonts/icofont/fonts/icofont.woff]
[pixelwibes.com/template/cryptoon/html/dist/assets/fonts/icofont/fonts/icofont.ttf]
[pixelwibes.com/template/cryptoon/html/dist/assets/css/cryptoon.style.min.css]
[pixelwibes.com/template/cryptoon/html/dist/index-2.html]
[pixelwibes.com/template/cryptoon/html/dist/assets/images/coin/DGD.png]
[pixelwibes.com/template/cryptoon/html/dist/assets/images/coin/ADA.png]
[pixelwibes.com/template/cryptoon/html/dist/assets/images/coin/BNB.png]
[pixelwibes.com/template/cryptoon/html/dist/assets/images/coin/DOGE.png]
[pixelwibes.com/template/cryptoon/html/dist/assets/images/coin/ADX.png]
[pixelwibes.com/template/cryptoon/html/dist/assets/images/coin/ICN.png]
[pixelwibes.com/template/cryptoon/html/dist/assets/images/coin/EDG.png]
[pixelwibes.com/template/cryptoon/html/dist/assets/images/coin/ARK.png]
[pixelwibes.com/template/cryptoon/html/dist/assets/images/coin/FUN.png]
[s3.tradingview.com/tv.js]
[pixelwibes.com/template/cryptoon/html/js/page/exchange.js]
[pixelwibes.com/template/cryptoon/html/dist/exchange.html]
[pixelwibes.com/template/cryptoon/html/dist/assets/images/coin/DASH.png]
[pixelwibes.com/template/cryptoon/html/dist/assets/images/coin/BTC.png]
[pixelwibes.com/template/cryptoon/html/dist/assets/images/coin/COTI.png]
[pixelwibes.com/template/cryptoon/html/dist/assets/images/coin/MATIC.png]
[pixelwibes.com/template/cryptoon/html/dist/assets/images/coin/CAKE.png]
[pixelwibes.com/template/cryptoon/html/dist/assets/images/coin/BTS.png]
[pixelwibes.com/template/cryptoon/html/dist/assets/images/coin/WTC.png]
[pixelwibes.com/template/cryptoon/html/dist/assets/images/coin/TRX.png]
[pixelwibes.com/template/cryptoon/html/dist/assets/images/coin/CNX.png]
[pixelwibes.com/template/cryptoon/html/dist/assets/images/coin/HSR.png]
[pixelwibes.com/template/cryptoon/html/dist/assets/images/coin/USDT.png]
[pixelwibes.com/template/cryptoon/html/dist/assets/images/coin/CVC.png]
[pixelwibes.com/template/cryptoon/html/dist/assets/images/coin/GALA.png]
[pixelwibes.com/template/cryptoon/html/dist/assets/images/coin/XRP.png]
[pixelwibes.com/template/cryptoon/html/dist/assets/images/coin/ARDR.png]
[pixelwibes.com/template/cryptoon/html/dist/assets/images/coin/BAT.png]
[pixelwibes.com/template/cryptoon/html/dist/assets/images/coin/BCH.png]
[pixelwibes.com/template/cryptoon/html/dist/assets/images/coin/BNT.png]
[pixelwibes.com/template/cryptoon/html/dist/assets/images/coin/EOS.png]
[pixelwibes.com/template/cryptoon/html/dist/assets/images/coin/GAS.png]
[pixelwibes.com/template/cryptoon/html/dist/assets/images/coin/KMD.png]
[pixelwibes.com/template/cryptoon/html/dist/assets/images/coin/MTL.png]
[pixelwibes.com/template/cryptoon/html/dist/assets/images/coin/NAV.png]
[pixelwibes.com/template/cryptoon/html/dist/assets/images/coin/OMG.png]
[pixelwibes.com/template/cryptoon/html/dist/assets/images/coin/POWER.png]
[pixelwibes.com/template/cryptoon/html/dist/assets/images/coin/QTUM.png]
[pixelwibes.com/template/cryptoon/html/dist/assets/images/coin/ZEC.png]
[pixelwibes.com/template/cryptoon/html/dist/market.html]
[pixelwibes.com/template/cryptoon/html/dist/assets/plugin/jquery.steps/dist/jquery-steps.css]
[pixelwibes.com/template/cryptoon/html/dist/assets/images/coin/AE.png]
[pixelwibes.com/template/cryptoon/html/dist/assets/images/coin/BLOCK.png]
[pixelwibes.com/template/cryptoon/html/dist/assets/images/coin/BTM.png]
[pixelwibes.com/template/cryptoon/html/dist/assets/plugin/jquery.steps/dist/jquery-steps.min.js]
[pixelwibes.com/template/cryptoon/html/dist/ico.html]
[pixelwibes.com/template/cryptoon/html/js/page/future.js]
[pixelwibes.com/template/cryptoon/html/dist/future-trade.html]
[pixelwibes.com/template/cryptoon/html/js/page/p2p.js]
[pixelwibes.com/template/cryptoon/html/dist/p2p.html]
[pixelwibes.com/template/cryptoon/html/js/page/battel.js]
[pixelwibes.com/template/cryptoon/html/dist/battel.html]
[pixelwibes.com/template/cryptoon/html/js/page/convert-trade.js]
[pixelwibes.com/template/cryptoon/html/dist/convert-trade.html]
[pixelwibes.com/template/cryptoon/html/dist/assets/images/coin/MONA.png]
[pixelwibes.com/template/cryptoon/html/js/page/margin-trade.js]
[pixelwibes.com/template/cryptoon/html/dist/margin-trade.html]
[pixelwibes.com/template/cryptoon/html/dist/cryptoloan.html]
[pixelwibes.com/template/cryptoon/html/dist/cryptoonpay.html]
[pixelwibes.com/template/cryptoon/html/dist/assets/plugin/fullcalendar/main.min.css]
[pixelwibes.com/template/cryptoon/html/dist/calendar.html]
[pixelwibes.com/template/cryptoon/html/dist/assets/plugin/fullcalendar/main.min.js]
[pixelwibes.com/template/cryptoon/html/dist/assets/images/gallery/1.jpg]
[pixelwibes.com/template/cryptoon/html/dist/assets/images/gallery/2.jpg]
[pixelwibes.com/template/cryptoon/html/dist/chat.html]
[pixelwibes.com/template/cryptoon/html/dist/form-bootstrap.html]
[pixelwibes.com/template/cryptoon/html/dist/assets/plugin/parsleyjs/css/parsley.css]
[pixelwibes.com/template/cryptoon/html/dist/form-custome.html]
[pixelwibes.com/template/cryptoon/html/dist/form-wizard.html]
[pixelwibes.com/template/cryptoon/html/dist/assets/plugin/parsleyjs/js/parsley.js]
[pixelwibes.com/template/cryptoon/html/dist/form-inputmask.html]
[pixelwibes.com/template/cryptoon/html/dist/assets/bundles/inputmask.bundle.js]
[pixelwibes.com/template/cryptoon/html/dist/icon-iconfont.html]
[pixelwibes.com/template/cryptoon/html/dist/ui-elements/auth-signup.html]
[pixelwibes.com/template/cryptoon/html/dist/ui-elements/auth-password-reset.html]
[pixelwibes.com/template/cryptoon/html/dist/ui-elements/auth-two-step.html]
[pixelwibes.com/template/cryptoon/html/dist/ui-elements/auth-404.html]
[pixelwibes.com/template/cryptoon/html/dist/icon-bootstrap.html]
[pixelwibes.com/template/cryptoon/html/dist/icon-fontawesome.html]
[pixelwibes.com/template/cryptoon/html/js/page/widget.js]
[pixelwibes.com/template/cryptoon/html/dist/widget-example.html]
[pixelwibes.com/template/cryptoon/html/dist/apexchart.html]
[pixelwibes.com/template/cryptoon/html/dist/priceplan.html]
[pixelwibes.com/template/cryptoon/html/js/page/chart-apex.js]
[pixelwibes.com/template/cryptoon/html/dist/profile.html]
[pixelwibes.com/template/cryptoon/html/dist/table.html]
[pixelwibes.com/template/cryptoon/html/js/page/todo.js]
[pixelwibes.com/template/cryptoon/html/dist/todo-list.html]
[pixelwibes.com/template/cryptoon/html/dist/support-ticket.html]
[pixelwibes.com/template/cryptoon/html/js/page/wallet.js]
[pixelwibes.com/template/cryptoon/html/dist/wallet.html]
[pixelwibes.com/template/cryptoon/html/dist/assets/images/xs/avatar1.svg]
[pixelwibes.com/template/cryptoon/html/dist/assets/images/xs/avatar3.svg]
[pixelwibes.com/template/cryptoon/html/dist/assets/images/xs/avatar5.svg]
[pixelwibes.com/template/cryptoon/html/dist/assets/images/xs/avatar6.svg]
[pixelwibes.com/template/cryptoon/html/dist/assets/images/xs/avatar7.svg]
[pixelwibes.com/template/cryptoon/html/dist/assets/images/profile_av.svg]
[pixelwibes.com/template/cryptoon/html/dist/security.html]
[pixelwibes.com/template/cryptoon/html/dist/identification.html]
[pixelwibes.com/template/cryptoon/html/js/page/referral.js]
[pixelwibes.com/template/cryptoon/html/dist/referral.html]
[pixelwibes.com/template/cryptoon/html/dist/coupons.html]
[pixelwibes.com/template/cryptoon/html/dist/ui-elements/auth-signin.html]
[pixelwibes.com/template/cryptoon/html/dist/help.html]
[pixelwibes.com/template/cryptoon/html/dist/assets/plugin/prism/prism.css]
[pixelwibes.com/template/cryptoon/html/dist/ui-elements/ui-badge.html]
[pixelwibes.com/template/cryptoon/html/dist/ui-elements/ui-breadcrumb.html]
[pixelwibes.com/template/cryptoon/html/dist/ui-elements/ui-buttons.html]
[pixelwibes.com/template/cryptoon/html/dist/ui-elements/ui-card.html]
[pixelwibes.com/template/cryptoon/html/dist/ui-elements/ui-carousel.html]
[pixelwibes.com/template/cryptoon/html/dist/ui-elements/ui-collapse.html]
[pixelwibes.com/template/cryptoon/html/dist/ui-elements/ui-dropdowns.html]
[pixelwibes.com/template/cryptoon/html/dist/ui-elements/ui-listgroup.html]
[pixelwibes.com/template/cryptoon/html/dist/ui-elements/ui-modal.html]
[pixelwibes.com/template/cryptoon/html/dist/ui-elements/ui-navs.html]
[pixelwibes.com/template/cryptoon/html/dist/ui-elements/ui-navbar.html]
[pixelwibes.com/template/cryptoon/html/dist/ui-elements/ui-pagination.html]
[pixelwibes.com/template/cryptoon/html/dist/ui-elements/ui-popovers.html]
[pixelwibes.com/template/cryptoon/html/dist/ui-elements/ui-progress.html]
[pixelwibes.com/template/cryptoon/html/dist/ui-elements/ui-scrollspy.html]
[pixelwibes.com/template/cryptoon/html/dist/ui-elements/ui-spinners.html]
[pixelwibes.com/template/cryptoon/html/dist/ui-elements/ui-toasts.html]
[pixelwibes.com/template/cryptoon/html/dist/ui-elements/ui-tooltips.html]
[pixelwibes.com/template/cryptoon/html/dist/ui-elements/ui-alerts.html]
[pixelwibes.com/template/cryptoon/html/dist/invoices.html]
[pixelwibes.com/template/cryptoon/html/dist/assets/plugin/prism/prism.js]
[pixelwibes.com/template/cryptoon/html/dist/salaryslip.html]
[pixelwibes.com/template/cryptoon/html/dist/expenses.html]
[pixelwibes.com/template/cryptoon/html/dist/ui-elements/stater-page.html]
[pixelwibes.com/template/cryptoon/html/dist/ui-elements/documentation.html]
[pixelwibes.com/template/cryptoon/html/dist/ui-elements/changelog.html]
[cdnjs.cloudflare.com/ajax/libs/font-awesome/4.7.0/css/font-awesome.min.css]
[cdn.jsdelivr.net/npm/bootstrap-icons@1.3.0/font/fonts/bootstrap-icons289b.woff]
[cdn.jsdelivr.net/npm/bootstrap-icons@1.3.0/font/fonts/bootstrap-icons289b.woff2]
[cdn.jsdelivr.net/npm/bootstrap-icons@1.3.0/font/bootstrap-icons.css]
[pixelwibes.com/template/cryptoon/html/dist/assets/fonts/icofont/fonts/icofont.svg]
[pixelwibes.com/template/cryptoon/html/dist/assets/plugin/jquery.steps/dist/jquery-steps.css]
[pixelwibes.com/template/cryptoon/html/dist/assets/images/xs/avatar2.svg]
[pixelwibes.com/template/cryptoon/html/dist/assets/images/xs/avatar4.svg]
[pixelwibes.com/template/cryptoon/html/dist/assets/images/xs/avatar8.svg]
[pixelwibes.com/template/cryptoon/html/dist/form-advanced.html]
[pixelwibes.com/template/cryptoon/html/dist/assets/plugin/fullcalendar/main.min.css]
[pixelwibes.com/template/cryptoon/html/dist/assets/images/xs/avatar10.svg]
[pixelwibes.com/template/cryptoon/html/dist/assets/plugin/parsleyjs/css/parsley.css]
[pixelwibes.com/template/cryptoon/html/dist/ui-elements/auth-signup.html]
[pixelwibes.com/template/cryptoon/html/dist/ui-elements/auth-password-reset.html]
[pixelwibes.com/template/cryptoon/html/dist/ui-elements/auth-two-step.html]
[pixelwibes.com/template/cryptoon/html/dist/ui-elements/auth-404.html]
[pixelwibes.com/template/cryptoon/html/dist/assets/images/xs/avatar11.svg]
[pixelwibes.com/template/cryptoon/html/dist/assets/images/lg/avatar4.svg]
[pixelwibes.com/template/cryptoon/html/dist/assets/images/xs/avatar9.svg]
[pixelwibes.com/template/cryptoon/html/dist/assets/images/xs/avatar12.svg]
[pixelwibes.com/template/cryptoon/html/dist/assets/plugin/prism/prism.css]
[pixelwibes.com/template/cryptoon/html/dist/ui-elements/ui-badge.html]
[pixelwibes.com/template/cryptoon/html/dist/ui-elements/ui-breadcrumb.html]
[pixelwibes.com/template/cryptoon/html/dist/ui-elements/ui-buttons.html]
[pixelwibes.com/template/cryptoon/html/dist/assets/images/gallery/6.jpg]
[pixelwibes.com/template/cryptoon/html/dist/assets/images/gallery/10.jpg]
[pixelwibes.com/template/cryptoon/html/dist/assets/images/gallery/8.jpg]
[pixelwibes.com/template/cryptoon/html/dist/assets/images/gallery/5.jpg]
[pixelwibes.com/template/cryptoon/html/dist/assets/images/gallery/9.jpg]
[pixelwibes.com/template/cryptoon/html/dist/assets/images/gallery/3.jpg]
[pixelwibes.com/template/cryptoon/html/dist/assets/images/gallery/7.jpg]
[pixelwibes.com/template/cryptoon/html/dist/assets/images/gallery/4.jpg]
[pixelwibes.com/template/cryptoon/html/dist/ui-elements/ui-card.html]
[pixelwibes.com/template/cryptoon/html/dist/ui-elements/ui-carousel.html]
[pixelwibes.com/template/cryptoon/html/dist/ui-elements/ui-collapse.html]
[pixelwibes.com/template/cryptoon/html/dist/ui-elements/ui-dropdowns.html]
[pixelwibes.com/template/cryptoon/html/dist/ui-elements/ui-listgroup.html]
[pixelwibes.com/template/cryptoon/html/dist/ui-elements/ui-modal.html]
[pixelwibes.com/template/cryptoon/html/dist/ui-elements/ui-navs.html]
[cdn.jsdelivr.net/npm/popper.js@1.16.1/dist/umd/popper.min.js]
[pixelwibes.com/template/cryptoon/html/dist/ui-elements/ui-navbar.html]
[pixelwibes.com/template/cryptoon/html/dist/ui-elements/ui-pagination.html]
[pixelwibes.com/template/cryptoon/html/dist/ui-elements/ui-popovers.html]
[pixelwibes.com/template/cryptoon/html/dist/ui-elements/ui-progress.html]
[pixelwibes.com/template/cryptoon/html/dist/ui-elements/ui-scrollspy.html]
[pixelwibes.com/template/cryptoon/html/dist/ui-elements/ui-spinners.html]
[pixelwibes.com/template/cryptoon/html/dist/ui-elements/ui-toasts.html]
[pixelwibes.com/template/cryptoon/html/dist/ui-elements/ui-tooltips.html]
[pixelwibes.com/template/cryptoon/html/dist/assets/images/no-data.svg]
[pixelwibes.com/template/cryptoon/html/dist/assets/images/change-log.svg]
[pixelwibes.com/template/cryptoon/html/dist/assets/images/not_found.svg]
[pixelwibes.com/template/cryptoon/html/dist/ui-elements/index.html]
